ASxxxx Linker V03.00/V05.40 + sdld,  page 1.
Hexadecimal  [32-Bits]

Area                                    Addr        Size        Decimal Bytes (Attributes)
--------------------------------        ----        ----        ------- ----- ------------
CABS                                00000000    00000000 =           0. bytes (ABS,CON,CODE)

      Value  Global                              Global Defined In Module
      -----  --------------------------------   ------------------------
C:   00000000  l_CABS                          
C:   00000000  l_GSINIT1                       
C:   00000000  l_GSINIT5                       
C:   00000000  l_IABS                          
C:   00000000  l_ISEG                          
C:   00000000  l_PSEG                          
C:   00000000  l_REG_BANK_2                    
C:   00000000  l_REG_BANK_3                    
C:   00000000  l_RSEG                          
C:   00000000  l_RSEG0                         
C:   00000000  l_RSEG1                         
C:   00000000  l_XABS                          
C:   00000000  l__CODE                         
C:   00000000  s_BSEG                          
C:   00000000  s_CABS                          
C:   00000000  s_DSEG                          
C:   00000000  s_HOME                          
C:   00000000  s_IABS                          
C:   00000000  s_ISEG                          
C:   00000000  s_REG_BANK_0                    
C:   00000000  s_RSEG                          
C:   00000000  s_RSEG0                         
C:   00000000  s_RSEG1                         
C:   00000000  s_XABS                          
C:   00000001  l_BIT_BANK                      
C:   00000001  l_BSEG_BYTES                    
C:   00000002  l_BSEG                          
C:   00000003  l_GSFINAL                       
C:   00000003  l_GSINIT0                       
C:   00000003  l_OSEG                          
C:   00000008  l_REG_BANK_0                    
C:   00000008  l_REG_BANK_1                    
C:   00000008  s_REG_BANK_1                    
C:   00000009  l_XINIT                         
C:   00000009  l_XISEG                         
C:   0000000A  l_GSINIT2                       
C:   00000010  s_REG_BANK_2                    
C:   00000014  l_GSINIT                        
C:   00000018  s_REG_BANK_3                    
C:   0000001C  s_OSEG                          
C:   00000020  s_BSEG_BYTES                    
C:   00000020  s__CODE                         
C:   00000021  s_BIT_BANK                      
C:   00000022  l_GSINIT3                       
C:   0000002A  l_GSINIT4                       
C:   00000058  l_CONST                         
C:   0000007B  s_SSEG                          
C:   0000007F  l_DSEG                          
C:   00000080  l_DSCR_AREA                     
C:   00000085  l_SSEG                          
ASxxxx Linker V03.00/V05.40 + sdld,  page 2.
Hexadecimal  [32-Bits]

Area                                    Addr        Size        Decimal Bytes (Attributes)
--------------------------------        ----        ----        ------- ----- ------------
CABS                                00000000    00000000 =           0. bytes (ABS,CON,CODE)

      Value  Global                              Global Defined In Module
      -----  --------------------------------   ------------------------
C:   000000B8  l_INT2JT                        
C:   000000B8  l_XSEG                          
C:   000000C6  l_HOME                          
C:   000000C6  s_GSINIT0                       
C:   000000C9  s_GSINIT1                       
C:   000000C9  s_GSINIT2                       
C:   000000D3  s_GSINIT3                       
C:   000000F5  s_GSINIT4                       
C:   00000100  l_IRAM                          
C:   0000011F  s_GSINIT                        
C:   0000011F  s_GSINIT5                       
C:   00000133  s_GSFINAL                       
C:   00000136  s_CSEG                          
C:   000016F7  l_CSEG                          
C:   0000182D  s_CONST                         
C:   00001885  s_XINIT                         
C:   00003C00  s_PSEG                          
C:   00003C00  s_XSEG                          
C:   00003CB8  s_XISEG                         
C:   00003E00  s_DSCR_AREA                     
C:   00003F00  s_INT2JT                        

ASxxxx Linker V03.00/V05.40 + sdld,  page 3.
Hexadecimal  [32-Bits]

Area                                    Addr        Size        Decimal Bytes (Attributes)
--------------------------------        ----        ----        ------- ----- ------------
.  .ABS.                            00000000    00000000 =           0. bytes (ABS,CON)

      Value  Global                              Global Defined In Module
      -----  --------------------------------   ------------------------
     00000000  .__.ABS.                           _startup
     00000080  _IOA                               ep4_isr
     00000080  _PA0                               ep4_isr
     00000081  _PA1                               ep4_isr
     00000081  _SP                                ep4_isr
     00000082  _DPL                               ep4_isr
     00000082  _PA2                               ep4_isr
     00000083  _DPH                               ep4_isr
     00000083  _PA3                               ep4_isr
     00000084  _DPL1                              ep4_isr
     00000084  _PA4                               ep4_isr
     00000085  _DPH1                              ep4_isr
     00000085  _PA5                               ep4_isr
     00000086  _DPS                               ep4_isr
     00000086  _PA6                               ep4_isr
     00000087  _PA7                               ep4_isr
     00000087  _PCON                              ep4_isr
     00000088  _IT0                               ep4_isr
     00000088  _TCON                              ep4_isr
     00000089  _IE0                               ep4_isr
     00000089  _TMOD                              ep4_isr
     0000008A  _IT1                               ep4_isr
     0000008A  _TL0                               ep4_isr
     0000008B  _IE1                               ep4_isr
     0000008B  _TL1                               ep4_isr
     0000008C  _TH0                               ep4_isr
     0000008C  _TR0                               ep4_isr
     0000008D  _TF0                               ep4_isr
     0000008D  _TH1                               ep4_isr
     0000008E  _CKCON                             ep4_isr
     0000008E  _TR1                               ep4_isr
     0000008F  _TF1                               ep4_isr
     00000090  _IOB                               ep4_isr
     00000090  _PB0                               ep4_isr
     00000091  _EXIF                              ep4_isr
     00000091  _PB1                               ep4_isr
     00000092  _PB2                               ep4_isr
     00000092  __XPAGE                            ep4_isr
     00000093  _PB3                               ep4_isr
     00000094  _PB4                               ep4_isr
     00000095  _PB5                               ep4_isr
     00000096  _PB6                               ep4_isr
     00000097  _PB7                               ep4_isr
     00000098  _RI                                ep4_isr
     00000098  _SCON0                             ep4_isr
     00000099  _SBUF0                             ep4_isr
     00000099  _TI                                ep4_isr
     0000009A  _AUTOPTRH1                         ep4_isr
     0000009A  _RB8                               ep4_isr
     0000009B  _AUTOPTRL1                         ep4_isr
ASxxxx Linker V03.00/V05.40 + sdld,  page 4.
Hexadecimal  [32-Bits]

Area                                    Addr        Size        Decimal Bytes (Attributes)
--------------------------------        ----        ----        ------- ----- ------------
.  .ABS.                            00000000    00000000 =           0. bytes (ABS,CON)

      Value  Global                              Global Defined In Module
      -----  --------------------------------   ------------------------
     0000009B  _TB8                               ep4_isr
     0000009C  _REN                               ep4_isr
     0000009D  _AUTOPTRH2                         ep4_isr
     0000009D  _SM2                               ep4_isr
     0000009E  _AUTOPTRL2                         ep4_isr
     0000009E  _SM1                               ep4_isr
     0000009F  _SM0                               ep4_isr
     000000A0  _IOC                               ep4_isr
     000000A0  _PC0                               ep4_isr
     000000A1  _INT2CLR                           ep4_isr
     000000A1  _PC1                               ep4_isr
     000000A2  _INT4CLR                           ep4_isr
     000000A2  _PC2                               ep4_isr
     000000A3  _PC3                               ep4_isr
     000000A4  _PC4                               ep4_isr
     000000A5  _PC5                               ep4_isr
     000000A6  _PC6                               ep4_isr
     000000A7  _PC7                               ep4_isr
     000000A8  _EX0                               ep4_isr
     000000A8  _IE                                ep4_isr
     000000A9  _ET0                               ep4_isr
     000000AA  _EP2468STAT                        ep4_isr
     000000AA  _EX1                               ep4_isr
     000000AB  _EP24FIFOFLGS                      ep4_isr
     000000AB  _ET1                               ep4_isr
     000000AC  _EP68FIFOFLGS                      ep4_isr
     000000AC  _ES0                               ep4_isr
     000000AD  _ET2                               ep4_isr
     000000AE  _ES1                               ep4_isr
     000000AF  _AUTOPTRSETUP                      ep4_isr
     000000AF  _EA                                ep4_isr
     000000B0  _IOD                               ep4_isr
     000000B0  _PD0                               ep4_isr
     000000B1  _IOE                               ep4_isr
     000000B1  _PD1                               ep4_isr
     000000B2  _OEA                               ep4_isr
     000000B2  _PD2                               ep4_isr
     000000B3  _OEB                               ep4_isr
     000000B3  _PD3                               ep4_isr
     000000B4  _OEC                               ep4_isr
     000000B4  _PD4                               ep4_isr
     000000B5  _OED                               ep4_isr
     000000B5  _PD5                               ep4_isr
     000000B6  _OEE                               ep4_isr
     000000B6  _PD6                               ep4_isr
     000000B7  _PD7                               ep4_isr
     000000B8  _IP                                ep4_isr
     000000B8  _PX0                               ep4_isr
     000000B9  _PT0                               ep4_isr
     000000BA  _EP01STAT                          ep4_isr
     000000BA  _PX1                               ep4_isr
ASxxxx Linker V03.00/V05.40 + sdld,  page 5.
Hexadecimal  [32-Bits]

Area                                    Addr        Size        Decimal Bytes (Attributes)
--------------------------------        ----        ----        ------- ----- ------------
.  .ABS.                            00000000    00000000 =           0. bytes (ABS,CON)

      Value  Global                              Global Defined In Module
      -----  --------------------------------   ------------------------
     000000BB  _GPIFTRIG                          ep4_isr
     000000BB  _PT1                               ep4_isr
     000000BC  _PS0                               ep4_isr
     000000BD  _GPIFSGLDATH                       ep4_isr
     000000BD  _PT2                               ep4_isr
     000000BE  _GPIFSGLDATLX                      ep4_isr
     000000BE  _PS1                               ep4_isr
     000000BF  _GPIFSGLDATLNOX                    ep4_isr
     000000C0  _RI1                               ep4_isr
     000000C0  _SCON1                             ep4_isr
     000000C1  _SBUF1                             ep4_isr
     000000C1  _TI1                               ep4_isr
     000000C2  _RB81                              ep4_isr
     000000C3  _TB81                              ep4_isr
     000000C4  _REN1                              ep4_isr
     000000C5  _SM21                              ep4_isr
     000000C6  _SM11                              ep4_isr
     000000C7  _SM01                              ep4_isr
     000000C8  _CP_RL2                            ep4_isr
     000000C8  _T2CON                             ep4_isr
     000000C9  _C_T2                              ep4_isr
     000000CA  _RCAP2L                            ep4_isr
     000000CA  _TR2                               ep4_isr
     000000CB  _EXEN2                             ep4_isr
     000000CB  _RCAP2H                            ep4_isr
     000000CC  _TCLK                              ep4_isr
     000000CC  _TL2                               ep4_isr
     000000CD  _RCLK                              ep4_isr
     000000CD  _TH2                               ep4_isr
     000000CE  _EXF2                              ep4_isr
     000000CF  _TF2                               ep4_isr
     000000D0  _P                                 ep4_isr
     000000D0  _PSW                               ep4_isr
     000000D1  _FL                                ep4_isr
     000000D2  _OV                                ep4_isr
     000000D3  _RS0                               ep4_isr
     000000D4  _RS1                               ep4_isr
     000000D5  _F0                                ep4_isr
     000000D6  _AC                                ep4_isr
     000000D7  _CY                                ep4_isr
     000000D8  _EICON                             ep4_isr
     000000DB  _INT6                              ep4_isr
     000000DC  _RESI                              ep4_isr
     000000DD  _ERESI                             ep4_isr
     000000DF  _SMOD1                             ep4_isr
     000000E0  _ACC                               ep4_isr
     000000E8  _EIE                               ep4_isr
     000000E8  _EUSB                              ep4_isr
     000000E9  _EI2C                              ep4_isr
     000000EA  _EIEX4                             ep4_isr
     000000EB  _EIEX5                             ep4_isr
ASxxxx Linker V03.00/V05.40 + sdld,  page 6.
Hexadecimal  [32-Bits]

Area                                    Addr        Size        Decimal Bytes (Attributes)
--------------------------------        ----        ----        ------- ----- ------------
.  .ABS.                            00000000    00000000 =           0. bytes (ABS,CON)

      Value  Global                              Global Defined In Module
      -----  --------------------------------   ------------------------
     000000EC  _EIEX6                             ep4_isr
     000000F0  _B                                 ep4_isr
     000000F5  _B_5                               _gptrget
     000000F6  _B_6                               _gptrget
     000000F7  _B_7                               _gptrget
     000000F8  _EIP                               ep4_isr
     000000F8  _PUSB                              ep4_isr
     000000F9  _PI2C                              ep4_isr
     000000FA  _EIPX4                             ep4_isr
     000000FB  _EIPX5                             ep4_isr
     000000FC  _EIPX6                             ep4_isr
     0000E400  _GPIF_WAVE_DATA                    ep4_isr
     0000E480  _RES_WAVEDATA_END                  ep4_isr
     0000E50D  _GPCR2                             ep4_isr
     0000E600  _CPUCS                             ep4_isr
     0000E601  _IFCONFIG                          ep4_isr
     0000E602  _PINFLAGSAB                        ep4_isr
     0000E603  _PINFLAGSCD                        ep4_isr
     0000E604  _FIFORESET                         ep4_isr
     0000E605  _BREAKPT                           ep4_isr
     0000E606  _BPADDRH                           ep4_isr
     0000E607  _BPADDRL                           ep4_isr
     0000E608  _UART230                           ep4_isr
     0000E609  _FIFOPINPOLAR                      ep4_isr
     0000E60A  _REVID                             ep4_isr
     0000E60B  _REVCTL                            ep4_isr
     0000E60C  _GPIFHOLDAMOUNT                    ep4_isr
     0000E610  _EP1OUTCFG                         ep4_isr
     0000E611  _EP1INCFG                          ep4_isr
     0000E612  _EP2CFG                            ep4_isr
     0000E613  _EP4CFG                            ep4_isr
     0000E614  _EP6CFG                            ep4_isr
     0000E615  _EP8CFG                            ep4_isr
     0000E618  _EP2FIFOCFG                        ep4_isr
     0000E619  _EP4FIFOCFG                        ep4_isr
     0000E61A  _EP6FIFOCFG                        ep4_isr
     0000E61B  _EP8FIFOCFG                        ep4_isr
     0000E620  _EP2AUTOINLENH                     ep4_isr
     0000E621  _EP2AUTOINLENL                     ep4_isr
     0000E622  _EP4AUTOINLENH                     ep4_isr
     0000E623  _EP4AUTOINLENL                     ep4_isr
     0000E624  _EP6AUTOINLENH                     ep4_isr
     0000E625  _EP6AUTOINLENL                     ep4_isr
     0000E626  _EP8AUTOINLENH                     ep4_isr
     0000E627  _EP8AUTOINLENL                     ep4_isr
     0000E628  _ECCCFG                            ep4_isr
     0000E629  _ECCRESET                          ep4_isr
     0000E62A  _ECC1B0                            ep4_isr
     0000E62B  _ECC1B1                            ep4_isr
     0000E62C  _ECC1B2                            ep4_isr
     0000E62D  _ECC2B0                            ep4_isr
ASxxxx Linker V03.00/V05.40 + sdld,  page 7.
Hexadecimal  [32-Bits]

Area                                    Addr        Size        Decimal Bytes (Attributes)
--------------------------------        ----        ----        ------- ----- ------------
.  .ABS.                            00000000    00000000 =           0. bytes (ABS,CON)

      Value  Global                              Global Defined In Module
      -----  --------------------------------   ------------------------
     0000E62E  _ECC2B1                            ep4_isr
     0000E62F  _ECC2B2                            ep4_isr
     0000E630  _EP2FIFOPFH                        ep4_isr
     0000E631  _EP2FIFOPFL                        ep4_isr
     0000E632  _EP4FIFOPFH                        ep4_isr
     0000E633  _EP4FIFOPFL                        ep4_isr
     0000E634  _EP6FIFOPFH                        ep4_isr
     0000E635  _EP6FIFOPFL                        ep4_isr
     0000E636  _EP8FIFOPFH                        ep4_isr
     0000E637  _EP8FIFOPFL                        ep4_isr
     0000E640  _EP2ISOINPKTS                      ep4_isr
     0000E641  _EP4ISOINPKTS                      ep4_isr
     0000E642  _EP6ISOINPKTS                      ep4_isr
     0000E643  _EP8ISOINPKTS                      ep4_isr
     0000E648  _INPKTEND                          ep4_isr
     0000E649  _OUTPKTEND                         ep4_isr
     0000E650  _EP2FIFOIE                         ep4_isr
     0000E651  _EP2FIFOIRQ                        ep4_isr
     0000E652  _EP4FIFOIE                         ep4_isr
     0000E653  _EP4FIFOIRQ                        ep4_isr
     0000E654  _EP6FIFOIE                         ep4_isr
     0000E655  _EP6FIFOIRQ                        ep4_isr
     0000E656  _EP8FIFOIE                         ep4_isr
     0000E657  _EP8FIFOIRQ                        ep4_isr
     0000E658  _IBNIE                             ep4_isr
     0000E659  _IBNIRQ                            ep4_isr
     0000E65A  _NAKIE                             ep4_isr
     0000E65B  _NAKIRQ                            ep4_isr
     0000E65C  _USBIE                             ep4_isr
     0000E65D  _USBIRQ                            ep4_isr
     0000E65E  _EPIE                              ep4_isr
     0000E65F  _EPIRQ                             ep4_isr
     0000E660  _GPIFIE                            ep4_isr
     0000E661  _GPIFIRQ                           ep4_isr
     0000E662  _USBERRIE                          ep4_isr
     0000E663  _USBERRIRQ                         ep4_isr
     0000E664  _ERRCNTLIM                         ep4_isr
     0000E665  _CLRERRCNT                         ep4_isr
     0000E666  _INT2IVEC                          ep4_isr
     0000E667  _INT4IVEC                          ep4_isr
     0000E668  _INTSETUP                          ep4_isr
     0000E670  _PORTACFG                          ep4_isr
     0000E671  _PORTCCFG                          ep4_isr
     0000E672  _PORTECFG                          ep4_isr
     0000E678  _I2CS                              ep4_isr
     0000E679  _I2DAT                             ep4_isr
     0000E67A  _I2CTL                             ep4_isr
     0000E67B  _XAUTODAT1                         ep4_isr
     0000E67C  _XAUTODAT2                         ep4_isr
     0000E67D  _UDMACRCH                          ep4_isr
     0000E67E  _UDMACRCL                          ep4_isr
ASxxxx Linker V03.00/V05.40 + sdld,  page 8.
Hexadecimal  [32-Bits]

Area                                    Addr        Size        Decimal Bytes (Attributes)
--------------------------------        ----        ----        ------- ----- ------------
.  .ABS.                            00000000    00000000 =           0. bytes (ABS,CON)

      Value  Global                              Global Defined In Module
      -----  --------------------------------   ------------------------
     0000E67F  _UDMACRCQUAL                       ep4_isr
     0000E680  _USBCS                             ep4_isr
     0000E681  _SUSPEND                           ep4_isr
     0000E682  _WAKEUPCS                          ep4_isr
     0000E683  _TOGCTL                            ep4_isr
     0000E684  _USBFRAMEH                         ep4_isr
     0000E685  _USBFRAMEL                         ep4_isr
     0000E686  _MICROFRAME                        ep4_isr
     0000E687  _FNADDR                            ep4_isr
     0000E68A  _EP0BCH                            ep4_isr
     0000E68B  _EP0BCL                            ep4_isr
     0000E68D  _EP1OUTBC                          ep4_isr
     0000E68F  _EP1INBC                           ep4_isr
     0000E690  _EP2BCH                            ep4_isr
     0000E691  _EP2BCL                            ep4_isr
     0000E694  _EP4BCH                            ep4_isr
     0000E695  _EP4BCL                            ep4_isr
     0000E698  _EP6BCH                            ep4_isr
     0000E699  _EP6BCL                            ep4_isr
     0000E69C  _EP8BCH                            ep4_isr
     0000E69D  _EP8BCL                            ep4_isr
     0000E6A0  _EP0CS                             ep4_isr
     0000E6A1  _EP1OUTCS                          ep4_isr
     0000E6A2  _EP1INCS                           ep4_isr
     0000E6A3  _EP2CS                             ep4_isr
     0000E6A4  _EP4CS                             ep4_isr
     0000E6A5  _EP6CS                             ep4_isr
     0000E6A6  _EP8CS                             ep4_isr
     0000E6A7  _EP2FIFOFLGS                       ep4_isr
     0000E6A8  _EP4FIFOFLGS                       ep4_isr
     0000E6A9  _EP6FIFOFLGS                       ep4_isr
     0000E6AA  _EP8FIFOFLGS                       ep4_isr
     0000E6AB  _EP2FIFOBCH                        ep4_isr
     0000E6AC  _EP2FIFOBCL                        ep4_isr
     0000E6AD  _EP4FIFOBCH                        ep4_isr
     0000E6AE  _EP4FIFOBCL                        ep4_isr
     0000E6AF  _EP6FIFOBCH                        ep4_isr
     0000E6B0  _EP6FIFOBCL                        ep4_isr
     0000E6B1  _EP8FIFOBCH                        ep4_isr
     0000E6B2  _EP8FIFOBCL                        ep4_isr
     0000E6B3  _SUDPTRH                           ep4_isr
     0000E6B4  _SUDPTRL                           ep4_isr
     0000E6B5  _SUDPTRCTL                         ep4_isr
     0000E6B8  _SETUPDAT                          ep4_isr
     0000E6C0  _GPIFWFSELECT                      ep4_isr
     0000E6C1  _GPIFIDLECS                        ep4_isr
     0000E6C2  _GPIFIDLECTL                       ep4_isr
     0000E6C3  _GPIFCTLCFG                        ep4_isr
     0000E6C4  _GPIFADRH                          ep4_isr
     0000E6C5  _GPIFADRL                          ep4_isr
     0000E6C6  _FLOWSTATE                         ep4_isr
ASxxxx Linker V03.00/V05.40 + sdld,  page 9.
Hexadecimal  [32-Bits]

Area                                    Addr        Size        Decimal Bytes (Attributes)
--------------------------------        ----        ----        ------- ----- ------------
.  .ABS.                            00000000    00000000 =           0. bytes (ABS,CON)

      Value  Global                              Global Defined In Module
      -----  --------------------------------   ------------------------
     0000E6C7  _FLOWLOGIC                         ep4_isr
     0000E6C8  _FLOWEQ0CTL                        ep4_isr
     0000E6C9  _FLOWEQ1CTL                        ep4_isr
     0000E6CA  _FLOWHOLDOFF                       ep4_isr
     0000E6CB  _FLOWSTB                           ep4_isr
     0000E6CC  _FLOWSTBEDGE                       ep4_isr
     0000E6CD  _FLOWSTBHPERIOD                    ep4_isr
     0000E6CE  _GPIFTCB3                          ep4_isr
     0000E6CF  _GPIFTCB2                          ep4_isr
     0000E6D0  _GPIFTCB1                          ep4_isr
     0000E6D1  _GPIFTCB0                          ep4_isr
     0000E6D2  _EP2GPIFFLGSEL                     ep4_isr
     0000E6D3  _EP2GPIFPFSTOP                     ep4_isr
     0000E6D4  _EP2GPIFTRIG                       ep4_isr
     0000E6DA  _EP4GPIFFLGSEL                     ep4_isr
     0000E6DB  _EP4GPIFPFSTOP                     ep4_isr
     0000E6DC  _EP4GPIFTRIG                       ep4_isr
     0000E6E2  _EP6GPIFFLGSEL                     ep4_isr
     0000E6E3  _EP6GPIFPFSTOP                     ep4_isr
     0000E6E4  _EP6GPIFTRIG                       ep4_isr
     0000E6EA  _EP8GPIFFLGSEL                     ep4_isr
     0000E6EB  _EP8GPIFPFSTOP                     ep4_isr
     0000E6EC  _EP8GPIFTRIG                       ep4_isr
     0000E6F0  _XGPIFSGLDATH                      ep4_isr
     0000E6F1  _XGPIFSGLDATLX                     ep4_isr
     0000E6F2  _XGPIFSGLDATLNOX                   ep4_isr
     0000E6F3  _GPIFREADYCFG                      ep4_isr
     0000E6F4  _GPIFREADYSTAT                     ep4_isr
     0000E6F5  _GPIFABORT                         ep4_isr
     0000E740  _EP0BUF                            ep4_isr
     0000E780  _EP1OUTBUF                         ep4_isr
     0000E7C0  _EP1INBUF                          ep4_isr
     0000F000  _EP2FIFOBUF                        ep4_isr
     0000F400  _EP4FIFOBUF                        ep4_isr
     0000F800  _EP6FIFOBUF                        ep4_isr
     0000FC00  _EP8FIFOBUF                        ep4_isr

ASxxxx Linker V03.00/V05.40 + sdld,  page 10.
Hexadecimal  [32-Bits]

Area                                    Addr        Size        Decimal Bytes (Attributes)
--------------------------------        ----        ----        ------- ----- ------------
BSEG_BYTES                          00000020    00000001 =           1. bytes (REL,CON)

      Value  Global                              Global Defined In Module
      -----  --------------------------------   ------------------------
ASxxxx Linker V03.00/V05.40 + sdld,  page 11.
Hexadecimal  [32-Bits]

Area                                    Addr        Size        Decimal Bytes (Attributes)
--------------------------------        ----        ----        ------- ----- ------------
REG_BANK_0                          00000000    00000008 =           8. bytes (REL,OVR)

      Value  Global                              Global Defined In Module
      -----  --------------------------------   ------------------------
ASxxxx Linker V03.00/V05.40 + sdld,  page 12.
Hexadecimal  [32-Bits]

Area                                    Addr        Size        Decimal Bytes (Attributes)
--------------------------------        ----        ----        ------- ----- ------------
REG_BANK_1                          00000008    00000008 =           8. bytes (REL,OVR)

      Value  Global                              Global Defined In Module
      -----  --------------------------------   ------------------------
ASxxxx Linker V03.00/V05.40 + sdld,  page 13.
Hexadecimal  [32-Bits]

Area                                    Addr        Size        Decimal Bytes (Attributes)
--------------------------------        ----        ----        ------- ----- ------------
BIT_BANK                            00000021    00000001 =           1. bytes (REL,OVR)

      Value  Global                              Global Defined In Module
      -----  --------------------------------   ------------------------
ASxxxx Linker V03.00/V05.40 + sdld,  page 14.
Hexadecimal  [32-Bits]

Area                                    Addr        Size        Decimal Bytes (Attributes)
--------------------------------        ----        ----        ------- ----- ------------
DSEG                                00000000    0000007F =         127. bytes (REL,CON)

      Value  Global                              Global Defined In Module
      -----  --------------------------------   ------------------------
     00000010  _ad9851_set_frequency_PARM_2       ad9851
     00000014  _ad9851_set_frequency_PARM_3       ad9851
     00000016  _self_powered                      setupdat
     00000017  _remote_wakeup_allowed             setupdat
     00000018  _pDevConfig                        setupdat
     0000001A  _pOtherConfig                      setupdat
     00000022  _eeprom_settings_load_PARM_2       eeprom_storage
     00000028  _eeprom_settings_save_PARM_2       eeprom_storage
     0000002F  _max2771_write_register_PARM_2     max2771
     00000030  _max2771_write_register_PARM_3     max2771
     00000034  _max2771_read_register_PARM_2      max2771
     00000035  _max2771_read_register_PARM_3      max2771
     00000040  _max2771_apply_preset_PARM_2       max2771
     00000043  _max2771_apply_preset_PARM_3       max2771
     00000051  _i2c_write_PARM_2                  i2c
     00000053  _i2c_write_PARM_3                  i2c
     00000056  _i2c_write_PARM_4                  i2c
     00000058  _i2c_write_PARM_5                  i2c
     0000005D  _i2c_read_PARM_2                   i2c
     0000005F  _i2c_read_PARM_3                   i2c
     00000065  _eeprom_write_PARM_2               i2c
     00000067  _eeprom_write_PARM_3               i2c
     00000069  _eeprom_write_PARM_4               i2c
     00000072  _eeprom_read_PARM_2                i2c
     00000074  _eeprom_read_PARM_3                i2c
     00000076  _eeprom_read_PARM_4                i2c

ASxxxx Linker V03.00/V05.40 + sdld,  page 15.
Hexadecimal  [32-Bits]

Area                                    Addr        Size        Decimal Bytes (Attributes)
--------------------------------        ----        ----        ------- ----- ------------
OSEG                                0000001C    00000003 =           3. bytes (REL,OVR)

      Value  Global                              Global Defined In Module
      -----  --------------------------------   ------------------------
     0000001C  __gptrput_PARM_2                   _gptrput
     0000001C  _board_a_write_PARM_2              board
     0000001C  _board_d_write_PARM_2              board
     0000001C  _handle_get_interface_PARM_2       main
     0000001C  _handle_set_interface_PARM_2       main

ASxxxx Linker V03.00/V05.40 + sdld,  page 16.
Hexadecimal  [32-Bits]

Area                                    Addr        Size        Decimal Bytes (Attributes)
--------------------------------        ----        ----        ------- ----- ------------
SSEG                                0000007B    00000085 =         133. bytes (REL,OVR)

      Value  Global                              Global Defined In Module
      -----  --------------------------------   ------------------------
     0000007B  __start__stack                     main

ASxxxx Linker V03.00/V05.40 + sdld,  page 17.
Hexadecimal  [32-Bits]

Area                                    Addr        Size        Decimal Bytes (Attributes)
--------------------------------        ----        ----        ------- ----- ------------
XSEG                                00003C00    000000B8 =         184. bytes (REL,CON,XDATA)

      Value  Global                              Global Defined In Module
      -----  --------------------------------   ------------------------
D:   00003CB7  _cancel_i2c_trans                  i2c

ASxxxx Linker V03.00/V05.40 + sdld,  page 18.
Hexadecimal  [32-Bits]

Area                                    Addr        Size        Decimal Bytes (Attributes)
--------------------------------        ----        ----        ------- ----- ------------
XISEG                               00003CB8    00000009 =           9. bytes (REL,CON,XDATA)

      Value  Global                              Global Defined In Module
      -----  --------------------------------   ------------------------
D:   00003CB8  _g_max2771_ch1                     main
D:   00003CBB  _g_max2771_ch2                     main
D:   00003CBE  _g_ad9851                          main
ASxxxx Linker V03.00/V05.40 + sdld,  page 19.
Hexadecimal  [32-Bits]

Area                                    Addr        Size        Decimal Bytes (Attributes)
--------------------------------        ----        ----        ------- ----- ------------
HOME                                00000000    000000C6 =         198. bytes (REL,CON,CODE)

      Value  Global                              Global Defined In Module
      -----  --------------------------------   ------------------------
C:   00000058  sdcc_atomic_exchange_rollback_st   main
C:   0000007F  sdcc_atomic_exchange_gptr_impl     main
C:   0000007F  sdcc_atomic_exchange_rollback_en   main
C:   0000008F  sdcc_atomic_compare_exchange_gpt   main
C:   00000099  __sdcc_program_startup             main
C:   0000009C  sdcc_atomic_maybe_rollback         
ASxxxx Linker V03.00/V05.40 + sdld,  page 20.
Hexadecimal  [32-Bits]

Area                                    Addr        Size        Decimal Bytes (Attributes)
--------------------------------        ----        ----        ------- ----- ------------
GSINIT0                             000000C6    00000003 =           3. bytes (REL,CON,CODE)

      Value  Global                              Global Defined In Module
      -----  --------------------------------   ------------------------
C:   000000C6  __sdcc_gsinit_startup              

ASxxxx Linker V03.00/V05.40 + sdld,  page 21.
Hexadecimal  [32-Bits]

Area                                    Addr        Size        Decimal Bytes (Attributes)
--------------------------------        ----        ----        ------- ----- ------------
GSINIT2                             000000C9    0000000A =          10. bytes (REL,CON,CODE)

      Value  Global                              Global Defined In Module
      -----  --------------------------------   ------------------------
ASxxxx Linker V03.00/V05.40 + sdld,  page 22.
Hexadecimal  [32-Bits]

Area                                    Addr        Size        Decimal Bytes (Attributes)
--------------------------------        ----        ----        ------- ----- ------------
GSINIT3                             000000D3    00000022 =          34. bytes (REL,CON,CODE)

      Value  Global                              Global Defined In Module
      -----  --------------------------------   ------------------------
C:   000000D3  __mcs51_genXINIT                   

ASxxxx Linker V03.00/V05.40 + sdld,  page 23.
Hexadecimal  [32-Bits]

Area                                    Addr        Size        Decimal Bytes (Attributes)
--------------------------------        ----        ----        ------- ----- ------------
GSINIT4                             000000F5    0000002A =          42. bytes (REL,CON,CODE)

      Value  Global                              Global Defined In Module
      -----  --------------------------------   ------------------------
C:   000000F5  __mcs51_genRAMCLEAR                
C:   000000FB  __mcs51_genXRAMCLEAR               

ASxxxx Linker V03.00/V05.40 + sdld,  page 24.
Hexadecimal  [32-Bits]

Area                                    Addr        Size        Decimal Bytes (Attributes)
--------------------------------        ----        ----        ------- ----- ------------
GSINIT                              0000011F    00000014 =          20. bytes (REL,CON,CODE)

      Value  Global                              Global Defined In Module
      -----  --------------------------------   ------------------------
ASxxxx Linker V03.00/V05.40 + sdld,  page 25.
Hexadecimal  [32-Bits]

Area                                    Addr        Size        Decimal Bytes (Attributes)
--------------------------------        ----        ----        ------- ----- ------------
GSFINAL                             00000133    00000003 =           3. bytes (REL,CON,CODE)

      Value  Global                              Global Defined In Module
      -----  --------------------------------   ------------------------
ASxxxx Linker V03.00/V05.40 + sdld,  page 26.
Hexadecimal  [32-Bits]

Area                                    Addr        Size        Decimal Bytes (Attributes)
--------------------------------        ----        ----        ------- ----- ------------
CSEG                                00000136    000016F7 =        5879. bytes (REL,CON,CODE)

      Value  Global                              Global Defined In Module
      -----  --------------------------------   ------------------------
C:   00000136  _start_bulk_transfer               main
C:   00000167  _stop_bulk_transfer                main
C:   00000172  _device_reset                      main
C:   00000310  _sudav_isr                         main
C:   00000328  _sof_isr                           main
C:   0000033E  _usbreset_isr                      main
C:   0000038B  _hispeed_isr                       main
C:   000003D8  _main                              main
C:   0000043A  _handle_get_interface              main
C:   00000456  _handle_set_interface              main
C:   000004C4  _handle_get_configuration          main
C:   000004C8  _handle_set_configuration          main
C:   000004D6  _handle_get_descriptor             main
C:   000004DA  _handle_vendorcommand              main
C:   000004DD  _ad9851_create                     ad9851
C:   000004FC  _ad9851_destroy                    ad9851
C:   000004FD  _ad9851_set_frequency              ad9851
C:   00000621  _board_d_init_output               board
C:   00000633  _board_d_write                     board
C:   0000065A  _board_d_read                      board
C:   00000692  _board_a_init_output               board
C:   000006A4  _board_a_write                     board
C:   000006CB  _board_delay_cycles                board
C:   000006DA  _board_spi_init                    board
C:   000006E6  _board_spi_sclk_pulse              board
C:   00000707  _board_spi_write_bit               board
C:   00000717  _board_spi_read_bit                board
C:   00000729  _eeprom_settings_load              eeprom_storage
C:   000007A5  _eeprom_settings_save              eeprom_storage
C:   0000086C  _max2771_create                    max2771
C:   00000936  _max2771_destroy                   max2771
C:   00000937  _max2771_write_register            max2771
C:   000009D2  _max2771_read_register             max2771
C:   00000AD7  _max2771_load_defaults             max2771
C:   00000B4E  _max2771_apply_preset              max2771
C:   00000BCA  _max2771_get_lock_status           max2771
C:   00000F4D  _usb_vendor_dispatch               usb_vendor
C:   00000FBD  _i2c_write                         i2c
C:   00001118  _i2c_read                          i2c
C:   00001287  _eeprom_write                      i2c
C:   00001317  _eeprom_read                       i2c
C:   0000137B  _handle_setupdata                  setupdat
C:   00001499  _ep_addr                           setupdat
C:   000014F1  _handle_get_status                 setupdat
C:   00001585  _handle_clear_feature              setupdat
C:   000015F4  _handle_set_feature                setupdat
C:   00001679  _handle_hispeed                    setupdat
C:   000016A4  __handle_get_descriptor            setupdat
C:   0000177B  __gptrput                          _gptrput
C:   00001796  _ep6_isr                           ep6_isr
ASxxxx Linker V03.00/V05.40 + sdld,  page 27.
Hexadecimal  [32-Bits]

Area                                    Addr        Size        Decimal Bytes (Attributes)
--------------------------------        ----        ----        ------- ----- ------------
CSEG                                00000136    000016F7 =        5879. bytes (REL,CON,CODE)

      Value  Global                              Global Defined In Module
      -----  --------------------------------   ------------------------
C:   00001797  _gpifdone_isr                      gpifdone_isr
C:   00001798  _ep8_isr                           ep8_isr
C:   00001799  _ep2ef_isr                         ep2ef_isr
C:   0000179A  _ep2ff_isr                         ep2ff_isr
C:   0000179B  _ep4ef_isr                         ep4ef_isr
C:   0000179C  _ep4ff_isr                         ep4ff_isr
C:   0000179D  _ep6ef_isr                         ep6ef_isr
C:   0000179E  _ep6ff_isr                         ep6ff_isr
C:   0000179F  _ep8ef_isr                         ep8ef_isr
C:   000017A0  _ep8ff_isr                         ep8ff_isr
C:   000017A1  _spare_isr                         spare_isr
C:   000017A2  _ep2isoerr_isr                     ep2isoerr_isr
C:   000017A3  _ep0in_isr                         ep0in_isr
C:   000017A4  _ep0out_isr                        ep0out_isr
C:   000017A5  _ep1in_isr                         ep1in_isr
C:   000017A6  _ep4isoerr_isr                     ep4isoerr_isr
C:   000017A7  _ep2pf_isr                         ep2pf_isr
C:   000017A8  _ep1out_isr                        ep1out_isr
C:   000017A9  _ep6isoerr_isr                     ep6isoerr_isr
C:   000017AA  _ep4pf_isr                         ep4pf_isr
C:   000017AB  _ep8isoerr_isr                     ep8isoerr_isr
C:   000017AC  _ep6pf_isr                         ep6pf_isr
C:   000017AD  _delay                             delay
C:   000017FE  _ep8pf_isr                         ep8pf_isr
C:   000017FF  _errlimit_isr                      errlimit_isr
C:   00001800  __gptrget                          _gptrget
C:   0000181C  _ep0ping_isr                       ep0ping_isr
C:   0000181D  _ep0ack_isr                        ep0ack_isr
C:   0000181E  _ep1ping_isr                       ep1ping_isr
C:   0000181F  _ep2ping_isr                       ep2ping_isr
C:   00001820  _sutok_isr                         sutok_isr
C:   00001821  _ep4ping_isr                       ep4ping_isr
C:   00001822  _ibn_isr                           ibn_isr
C:   00001823  _ep6ping_isr                       ep6ping_isr
C:   00001824  _ep8ping_isr                       ep8ping_isr
C:   00001825  _suspend_isr                       suspend_isr
C:   00001826  _gpifwf_isr                        gpifwf_isr
C:   00001827  _ep2_isr                           ep2_isr
C:   00001828  _ep4_isr                           ep4_isr
C:   00001829  ___sdcc_external_startup           _startup
ASxxxx Linker V03.00/V05.40 + sdld,  page 28.
Hexadecimal  [32-Bits]

Area                                    Addr        Size        Decimal Bytes (Attributes)
--------------------------------        ----        ----        ------- ----- ------------
CONST                               0000182D    00000058 =          88. bytes (REL,CON,CODE)

      Value  Global                              Global Defined In Module
      -----  --------------------------------   ------------------------
ASxxxx Linker V03.00/V05.40 + sdld,  page 29.
Hexadecimal  [32-Bits]

Area                                    Addr        Size        Decimal Bytes (Attributes)
--------------------------------        ----        ----        ------- ----- ------------
XINIT                               00001885    00000009 =           9. bytes (REL,CON,CODE)

      Value  Global                              Global Defined In Module
      -----  --------------------------------   ------------------------
ASxxxx Linker V03.00/V05.40 + sdld,  page 30.
Hexadecimal  [32-Bits]

Area                                    Addr        Size        Decimal Bytes (Attributes)
--------------------------------        ----        ----        ------- ----- ------------
DSCR_AREA                           00003E00    00000080 =         128. bytes (REL,CON,CODE)

      Value  Global                              Global Defined In Module
      -----  --------------------------------   ------------------------
C:   00003E00  _dev_dscr                          DEV_DSCR
C:   00003E12  _dev_qual_dscr                     DEV_DSCR
C:   00003E1C  _highspd_dscr                      DEV_DSCR
C:   00003E3C  _fullspd_dscr                      DEV_DSCR
C:   00003E5C  _dev_strings                       DEV_DSCR
C:   00003E7E  _dev_strings_end                   DEV_DSCR
ASxxxx Linker V03.00/V05.40 + sdld,  page 31.
Hexadecimal  [32-Bits]

Area                                    Addr        Size        Decimal Bytes (Attributes)
--------------------------------        ----        ----        ------- ----- ------------
INT2JT                              00003F00    000000B8 =         184. bytes (REL,CON,CODE)

      Value  Global                              Global Defined In Module
      -----  --------------------------------   ------------------------
C:   00003F00  _gpif_isr                          INT2AV
C:   00003F00  _usb_isr                           INT2AV

ASxxxx Linker V03.00/V05.40 + sdld,  page 32.

Files Linked                              [ module(s) ]

build/main.rel                            [  ]
build/ad9851.rel                          [  ]
build/board.rel                           [  ]
build/eeprom_storage.rel                  [  ]
build/max2771.rel                         [  ]
build/usb_vendor.rel                      [  ]
build/dscr.rel                            [  ]


Libraries Linked                          [ object file ]

../../fx2lib//lib/fx2.lib                 [ i2c.rel ]
/usr/local/bin/../share/sdcc/lib/small/mcs51.lib
                                          [ crtclear.rel ]
../../fx2lib//lib/fx2.lib                 [ setupdat.rel ]
/usr/local/bin/../share/sdcc/lib/small/mcs51.lib
                                          [ crtxinit.rel ]
/usr/local/bin/../share/sdcc/lib/small/mcs51.lib
                                          [ __sdcc_atomic_maybe_rollback.rel ]
/usr/local/bin/../share/sdcc/lib/small/libsdcc.lib
                                          [ _gptrput.rel ]
../../fx2lib//lib/fx2.lib                 [ usbav.rel ]
../../fx2lib//lib/fx2.lib                 [ ep6_isr.rel ]
../../fx2lib//lib/fx2.lib                 [ gpifdone_isr.rel ]
../../fx2lib//lib/fx2.lib                 [ ep8_isr.rel ]
../../fx2lib//lib/fx2.lib                 [ ep2ef_isr.rel ]
../../fx2lib//lib/fx2.lib                 [ ep2ff_isr.rel ]
/usr/local/bin/../share/sdcc/lib/small/mcs51.lib
                                          [ crtxclear.rel ]
../../fx2lib//lib/fx2.lib                 [ ep4ef_isr.rel ]
../../fx2lib//lib/fx2.lib                 [ ep4ff_isr.rel ]
../../fx2lib//lib/fx2.lib                 [ ep6ef_isr.rel ]
../../fx2lib//lib/fx2.lib                 [ ep6ff_isr.rel ]
../../fx2lib//lib/fx2.lib                 [ ep8ef_isr.rel ]
../../fx2lib//lib/fx2.lib                 [ ep8ff_isr.rel ]
../../fx2lib//lib/fx2.lib                 [ spare_isr.rel ]
../../fx2lib//lib/fx2.lib                 [ ep2isoerr_isr.rel ]
../../fx2lib//lib/fx2.lib                 [ ep0in_isr.rel ]
../../fx2lib//lib/fx2.lib                 [ ep0out_isr.rel ]
../../fx2lib//lib/fx2.lib                 [ ep1in_isr.rel ]
../../fx2lib//lib/fx2.lib                 [ ep4isoerr_isr.rel ]
../../fx2lib//lib/fx2.lib                 [ ep2pf_isr.rel ]
../../fx2lib//lib/fx2.lib                 [ ep1out_isr.rel ]
../../fx2lib//lib/fx2.lib                 [ ep6isoerr_isr.rel ]
../../fx2lib//lib/fx2.lib                 [ ep4pf_isr.rel ]
../../fx2lib//lib/fx2.lib                 [ ep8isoerr_isr.rel ]
../../fx2lib//lib/fx2.lib                 [ ep6pf_isr.rel ]
../../fx2lib//lib/fx2.lib                 [ delay.rel ]
../../fx2lib//lib/fx2.lib                 [ ep8pf_isr.rel ]
../../fx2lib//lib/fx2.lib                 [ errlimit_isr.rel ]
/usr/local/bin/../share/sdcc/lib/small/mcs51.lib
                                          [ crtstart.rel ]
/usr/local/bin/../share/sdcc/lib/small/libsdcc.lib
                                          [ _gptrget.rel ]
../../fx2lib//lib/fx2.lib                 [ ep0ping_isr.rel ]
../../fx2lib//lib/fx2.lib                 [ ep0ack_isr.rel ]
../../fx2lib//lib/fx2.lib                 [ ep1ping_isr.rel ]
../../fx2lib//lib/fx2.lib                 [ ep2ping_isr.rel ]
../../fx2lib//lib/fx2.lib                 [ sutok_isr.rel ]
../../fx2lib//lib/fx2.lib                 [ ep4ping_isr.rel ]
../../fx2lib//lib/fx2.lib                 [ ibn_isr.rel ]
../../fx2lib//lib/fx2.lib                 [ ep6ping_isr.rel ]
../../fx2lib//lib/fx2.lib                 [ ep8ping_isr.rel ]
../../fx2lib//lib/fx2.lib                 [ suspend_isr.rel ]
../../fx2lib//lib/fx2.lib                 [ gpifwf_isr.rel ]
../../fx2lib//lib/fx2.lib                 [ ep2_isr.rel ]
../../fx2lib//lib/fx2.lib                 [ ep4_isr.rel ]
/usr/local/bin/../share/sdcc/lib/small/libsdcc.lib
                                          [ _startup.rel ]

ASxxxx Linker V03.00/V05.40 + sdld,  page 33.

User Base Address Definitions

HOME = 0x0000
XSEG = 0x3c00
PSEG = 0x3c00
ISEG = 0x0000
BSEG = 0x0000
DSCR_AREA=0x3e00
INT2JT=0x3f00

